Archive member included to satisfy reference by file (symbol)

C:/ST/STM32CubeIDE_1.19.0/STM32CubeIDE/plugins/com.st.stm32cube.ide.mcu.externaltools.gnu-tools-for-stm32.13.3.rel1.win32_1.0.0.202411081344/tools/bin/../lib/gcc/arm-none-eabi/13.3.1/../../../../arm-none-eabi/lib/thumb/v7e-m+fp/hard\libc_nano.a(libc_a-exit.o)
                              C:/ST/STM32CubeIDE_1.19.0/STM32CubeIDE/plugins/com.st.stm32cube.ide.mcu.externaltools.gnu-tools-for-stm32.13.3.rel1.win32_1.0.0.202411081344/tools/bin/../lib/gcc/arm-none-eabi/13.3.1/../../../../arm-none-eabi/lib/thumb/v7e-m+fp/hard/rdimon-crt0.o (exit)
C:/ST/STM32CubeIDE_1.19.0/STM32CubeIDE/plugins/com.st.stm32cube.ide.mcu.externaltools.gnu-tools-for-stm32.13.3.rel1.win32_1.0.0.202411081344/tools/bin/../lib/gcc/arm-none-eabi/13.3.1/../../../../arm-none-eabi/lib/thumb/v7e-m+fp/hard\libc_nano.a(libc_a-findfp.o)
                              C:/ST/STM32CubeIDE_1.19.0/STM32CubeIDE/plugins/com.st.stm32cube.ide.mcu.externaltools.gnu-tools-for-stm32.13.3.rel1.win32_1.0.0.202411081344/tools/bin/../lib/gcc/arm-none-eabi/13.3.1/../../../../arm-none-eabi/lib/thumb/v7e-m+fp/hard\libc_nano.a(libc_a-exit.o) (__stdio_exit_handler)
C:/ST/STM32CubeIDE_1.19.0/STM32CubeIDE/plugins/com.st.stm32cube.ide.mcu.externaltools.gnu-tools-for-stm32.13.3.rel1.win32_1.0.0.202411081344/tools/bin/../lib/gcc/arm-none-eabi/13.3.1/../../../../arm-none-eabi/lib/thumb/v7e-m+fp/hard\libc_nano.a(libc_a-fwalk.o)
                              C:/ST/STM32CubeIDE_1.19.0/STM32CubeIDE/plugins/com.st.stm32cube.ide.mcu.externaltools.gnu-tools-for-stm32.13.3.rel1.win32_1.0.0.202411081344/tools/bin/../lib/gcc/arm-none-eabi/13.3.1/../../../../arm-none-eabi/lib/thumb/v7e-m+fp/hard\libc_nano.a(libc_a-findfp.o) (_fwalk_sglue)
C:/ST/STM32CubeIDE_1.19.0/STM32CubeIDE/plugins/com.st.stm32cube.ide.mcu.externaltools.gnu-tools-for-stm32.13.3.rel1.win32_1.0.0.202411081344/tools/bin/../lib/gcc/arm-none-eabi/13.3.1/../../../../arm-none-eabi/lib/thumb/v7e-m+fp/hard\libc_nano.a(libc_a-stdio.o)
                              C:/ST/STM32CubeIDE_1.19.0/STM32CubeIDE/plugins/com.st.stm32cube.ide.mcu.externaltools.gnu-tools-for-stm32.13.3.rel1.win32_1.0.0.202411081344/tools/bin/../lib/gcc/arm-none-eabi/13.3.1/../../../../arm-none-eabi/lib/thumb/v7e-m+fp/hard\libc_nano.a(libc_a-findfp.o) (__sread)
C:/ST/STM32CubeIDE_1.19.0/STM32CubeIDE/plugins/com.st.stm32cube.ide.mcu.externaltools.gnu-tools-for-stm32.13.3.rel1.win32_1.0.0.202411081344/tools/bin/../lib/gcc/arm-none-eabi/13.3.1/../../../../arm-none-eabi/lib/thumb/v7e-m+fp/hard\libc_nano.a(libc_a-memcmp.o)
                              ./ThirdParty/SEGGER/OS/SEGGER_SYSVIEW_FreeRTOS.o (memcmp)
C:/ST/STM32CubeIDE_1.19.0/STM32CubeIDE/plugins/com.st.stm32cube.ide.mcu.externaltools.gnu-tools-for-stm32.13.3.rel1.win32_1.0.0.202411081344/tools/bin/../lib/gcc/arm-none-eabi/13.3.1/../../../../arm-none-eabi/lib/thumb/v7e-m+fp/hard\libc_nano.a(libc_a-memset.o)
                              C:/ST/STM32CubeIDE_1.19.0/STM32CubeIDE/plugins/com.st.stm32cube.ide.mcu.externaltools.gnu-tools-for-stm32.13.3.rel1.win32_1.0.0.202411081344/tools/bin/../lib/gcc/arm-none-eabi/13.3.1/../../../../arm-none-eabi/lib/thumb/v7e-m+fp/hard/rdimon-crt0.o (memset)
C:/ST/STM32CubeIDE_1.19.0/STM32CubeIDE/plugins/com.st.stm32cube.ide.mcu.externaltools.gnu-tools-for-stm32.13.3.rel1.win32_1.0.0.202411081344/tools/bin/../lib/gcc/arm-none-eabi/13.3.1/../../../../arm-none-eabi/lib/thumb/v7e-m+fp/hard\libc_nano.a(libc_a-closer.o)
                              C:/ST/STM32CubeIDE_1.19.0/STM32CubeIDE/plugins/com.st.stm32cube.ide.mcu.externaltools.gnu-tools-for-stm32.13.3.rel1.win32_1.0.0.202411081344/tools/bin/../lib/gcc/arm-none-eabi/13.3.1/../../../../arm-none-eabi/lib/thumb/v7e-m+fp/hard\libc_nano.a(libc_a-stdio.o) (_close_r)
C:/ST/STM32CubeIDE_1.19.0/STM32CubeIDE/plugins/com.st.stm32cube.ide.mcu.externaltools.gnu-tools-for-stm32.13.3.rel1.win32_1.0.0.202411081344/tools/bin/../lib/gcc/arm-none-eabi/13.3.1/../../../../arm-none-eabi/lib/thumb/v7e-m+fp/hard\libc_nano.a(libc_a-reent.o)
                              C:/ST/STM32CubeIDE_1.19.0/STM32CubeIDE/plugins/com.st.stm32cube.ide.mcu.externaltools.gnu-tools-for-stm32.13.3.rel1.win32_1.0.0.202411081344/tools/bin/../lib/gcc/arm-none-eabi/13.3.1/../../../../arm-none-eabi/lib/thumb/v7e-m+fp/hard\libc_nano.a(libc_a-closer.o) (errno)
C:/ST/STM32CubeIDE_1.19.0/STM32CubeIDE/plugins/com.st.stm32cube.ide.mcu.externaltools.gnu-tools-for-stm32.13.3.rel1.win32_1.0.0.202411081344/tools/bin/../lib/gcc/arm-none-eabi/13.3.1/../../../../arm-none-eabi/lib/thumb/v7e-m+fp/hard\libc_nano.a(libc_a-impure.o)
                              C:/ST/STM32CubeIDE_1.19.0/STM32CubeIDE/plugins/com.st.stm32cube.ide.mcu.externaltools.gnu-tools-for-stm32.13.3.rel1.win32_1.0.0.202411081344/tools/bin/../lib/gcc/arm-none-eabi/13.3.1/../../../../arm-none-eabi/lib/thumb/v7e-m+fp/hard\libc_nano.a(libc_a-reent.o) (_impure_ptr)
[...]
Memory Configuration

Name             Origin             Length             Attributes
CCMRAM           0x10000000         0x00010000         xrw
RAM              0x20000000         0x00020000         xrw
FLASH            0x08000000         0x00100000         xr
*default*        0x00000000         0xffffffff

Linker script and memory map

LOAD C:/ST/STM32CubeIDE_1.19.0/STM32CubeIDE/plugins/com.st.stm32cube.ide.mcu.externaltools.gnu-tools-for-stm32.13.3.rel1.win32_1.0.0.202411081344/tools/bin/../lib/gcc/arm-none-eabi/13.3.1/thumb/v7e-m+fp/hard/crti.o
LOAD C:/ST/STM32CubeIDE_1.19.0/STM32CubeIDE/plugins/com.st.stm32cube.ide.mcu.externaltools.gnu-tools-for-stm32.13.3.rel1.win32_1.0.0.202411081344/tools/bin/../lib/gcc/arm-none-eabi/13.3.1/thumb/v7e-m+fp/hard/crtbegin.o
LOAD C:/ST/STM32CubeIDE_1.19.0/STM32CubeIDE/plugins/com.st.stm32cube.ide.mcu.externaltools.gnu-tools-for-stm32.13.3.rel1.win32_1.0.0.202411081344/tools/bin/../lib/gcc/arm-none-eabi/13.3.1/../../../../arm-none-eabi/lib/thumb/v7e-m+fp/hard/rdimon-crt0.o
LOAD ./STM32_FreeRTOS_StdPeriph_Driver/src/misc.o
LOAD ./STM32_FreeRTOS_StdPeriph_Driver/src/stm32f4xx_adc.o
LOAD ./STM32_FreeRTOS_StdPeriph_Driver/src/stm32f4xx_can.o
LOAD ./STM32_FreeRTOS_StdPeriph_Driver/src/stm32f4xx_cec.o
LOAD ./STM32_FreeRTOS_StdPeriph_Driver/src/stm32f4xx_crc.o
LOAD ./STM32_FreeRTOS_StdPeriph_Driver/src/stm32f4xx_cryp.o
LOAD ./STM32_FreeRTOS_StdPeriph_Driver/src/stm32f4xx_cryp_aes.o
LOAD ./STM32_FreeRTOS_StdPeriph_Driver/src/stm32f4xx_cryp_des.o
LOAD ./STM32_FreeRTOS_StdPeriph_Driver/src/stm32f4xx_cryp_tdes.o
LOAD ./STM32_FreeRTOS_StdPeriph_Driver/src/stm32f4xx_dac.o
LOAD ./STM32_FreeRTOS_StdPeriph_Driver/src/stm32f4xx_dbgmcu.o
LOAD ./STM32_FreeRTOS_StdPeriph_Driver/src/stm32f4xx_dcmi.o
LOAD ./STM32_FreeRTOS_StdPeriph_Driver/src/stm32f4xx_dfsdm.o
LOAD ./STM32_FreeRTOS_StdPeriph_Driver/src/stm32f4xx_dma.o
LOAD ./STM32_FreeRTOS_StdPeriph_Driver/src/stm32f4xx_dma2d.o
LOAD ./STM32_FreeRTOS_StdPeriph_Driver/src/stm32f4xx_dsi.o
LOAD ./STM32_FreeRTOS_StdPeriph_Driver/src/stm32f4xx_exti.o
LOAD ./STM32_FreeRTOS_StdPeriph_Driver/src/stm32f4xx_flash.o
LOAD ./STM32_FreeRTOS_StdPeriph_Driver/src/stm32f4xx_flash_ramfunc.o
LOAD ./STM32_FreeRTOS_StdPeriph_Driver/src/stm32f4xx_fmc.o
LOAD ./STM32_FreeRTOS_StdPeriph_Driver/src/stm32f4xx_fmip2c.o
LOAD ./STM32_FreeRTOS_StdPeriph_Driver/src/stm32f4xx_fsmc.o
LOAD ./STM32_FreeRTOS_StdPeriph_Driver/src/stm32f4xx_gpio.o
LOAD ./STM32_FreeRTOS_StdPeriph_Driver/src/stm32f4xx_hash.o
LOAD ./STM32_FreeRTOS_StdPeriph_Driver/src/stm32f4xx_hash_md5.o
LOAD ./STM32_FreeRTOS_StdPeriph_Driver/src/stm32f4xx_hash_sha1.o
LOAD ./STM32_FreeRTOS_StdPeriph_Driver/src/stm32f4xx_i2c.o
LOAD ./STM32_FreeRTOS_StdPeriph_Driver/src/stm32f4xx_iwdg.o
LOAD ./STM32_FreeRTOS_StdPeriph_Driver/src/stm32f4xx_lptim.o
LOAD ./STM32_FreeRTOS_StdPeriph_Driver/src/stm32f4xx_ltdc.o
LOAD ./STM32_FreeRTOS_StdPeriph_Driver/src/stm32f4xx_pwr.o
LOAD ./STM32_FreeRTOS_StdPeriph_Driver/src/stm32f4xx_qspi.o
LOAD ./STM32_FreeRTOS_StdPeriph_Driver/src/stm32f4xx_rcc.o
LOAD ./STM32_FreeRTOS_StdPeriph_Driver/src/stm32f4xx_rng.o
LOAD ./STM32_FreeRTOS_StdPeriph_Driver/src/stm32f4xx_rtc.o
LOAD ./STM32_FreeRTOS_StdPeriph_Driver/src/stm32f4xx_sai.o
LOAD ./STM32_FreeRTOS_StdPeriph_Driver/src/stm32f4xx_sdio.o
LOAD ./STM32_FreeRTOS_StdPeriph_Driver/src/stm32f4xx_spdifrx.o
LOAD ./STM32_FreeRTOS_StdPeriph_Driver/src/stm32f4xx_spi.o
LOAD ./STM32_FreeRTOS_StdPeriph_Driver/src/stm32f4xx_syscfg.o
LOAD ./STM32_FreeRTOS_StdPeriph_Driver/src/stm32f4xx_tim.o
LOAD ./STM32_FreeRTOS_StdPeriph_Driver/src/stm32f4xx_usart.o
LOAD ./STM32_FreeRTOS_StdPeriph_Driver/src/stm32f4xx_wwdg.o
LOAD ./Startup/startup_stm32f407vgtx.o
LOAD ./ThirdParty/FreeRTOS/croutine.o
LOAD ./ThirdParty/FreeRTOS/event_groups.o
LOAD ./ThirdParty/FreeRTOS/list.o
LOAD ./ThirdParty/FreeRTOS/queue.o
LOAD ./ThirdParty/FreeRTOS/stream_buffer.o
LOAD ./ThirdParty/FreeRTOS/tasks.o
LOAD ./ThirdParty/FreeRTOS/timers.o
LOAD ./ThirdParty/FreeRTOS/portable/GCC/ARM_CM4F/port.o
LOAD ./ThirdParty/FreeRTOS/portable/MemMang/heap_4.o
LOAD ./ThirdParty/SEGGER/Config/SEGGER_SYSVIEW_Config_FreeRTOS.o
LOAD ./ThirdParty/SEGGER/OS/SEGGER_SYSVIEW_FreeRTOS.o
LOAD ./ThirdParty/SEGGER/SEGGER/SEGGER_RTT.o
LOAD ./ThirdParty/SEGGER/SEGGER/SEGGER_SYSVIEW.o
LOAD ./src/led_btn_interrupt.o
LOAD ./src/system_stm32f4xx.o
LOAD C:/ST/STM32CubeIDE_1.19.0/STM32CubeIDE/plugins/com.st.stm32cube.ide.mcu.externaltools.gnu-tools-for-stm32.13.3.rel1.win32_1.0.0.202411081344/tools/bin/../lib/gcc/arm-none-eabi/13.3.1/../../../../arm-none-eabi/lib/thumb/v7e-m+fp/hard\libc_nano.a
LOAD C:/ST/STM32CubeIDE_1.19.0/STM32CubeIDE/plugins/com.st.stm32cube.ide.mcu.externaltools.gnu-tools-for-stm32.13.3.rel1.win32_1.0.0.202411081344/tools/bin/../lib/gcc/arm-none-eabi/13.3.1/../../../../arm-none-eabi/lib/thumb/v7e-m+fp/hard\librdimon_nano.a
START GROUP
LOAD C:/ST/STM32CubeIDE_1.19.0/STM32CubeIDE/plugins/com.st.stm32cube.ide.mcu.externaltools.gnu-tools-for-stm32.13.3.rel1.win32_1.0.0.202411081344/tools/bin/../lib/gcc/arm-none-eabi/13.3.1/../../../../arm-none-eabi/lib/thumb/v7e-m+fp/hard\libc_nano.a
LOAD C:/ST/STM32CubeIDE_1.19.0/STM32CubeIDE/plugins/com.st.stm32cube.ide.mcu.externaltools.gnu-tools-for-stm32.13.3.rel1.win32_1.0.0.202411081344/tools/bin/../lib/gcc/arm-none-eabi/13.3.1/../../../../arm-none-eabi/lib/thumb/v7e-m+fp/hard\libm.a
END GROUP
START GROUP
LOAD C:/ST/STM32CubeIDE_1.19.0/STM32CubeIDE/plugins/com.st.stm32cube.ide.mcu.externaltools.gnu-tools-for-stm32.13.3.rel1.win32_1.0.0.202411081344/tools/bin/../lib/gcc/arm-none-eabi/13.3.1/thumb/v7e-m+fp/hard\libgcc.a
LOAD C:/ST/STM32CubeIDE_1.19.0/STM32CubeIDE/plugins/com.st.stm32cube.ide.mcu.externaltools.gnu-tools-for-stm32.13.3.rel1.win32_1.0.0.202411081344/tools/bin/../lib/gcc/arm-none-eabi/13.3.1/../../../../arm-none-eabi/lib/thumb/v7e-m+fp/hard\libc_nano.a
END GROUP
START GROUP
LOAD C:/ST/STM32CubeIDE_1.19.0/STM32CubeIDE/plugins/com.st.stm32cube.ide.mcu.externaltools.gnu-tools-for-stm32.13.3.rel1.win32_1.0.0.202411081344/tools/bin/../lib/gcc/arm-none-eabi/13.3.1/thumb/v7e-m+fp/hard\libgcc.a
LOAD C:/ST/STM32CubeIDE_1.19.0/STM32CubeIDE/plugins/com.st.stm32cube.ide.mcu.externaltools.gnu-tools-for-stm32.13.3.rel1.win32_1.0.0.202411081344/tools/bin/../lib/gcc/arm-none-eabi/13.3.1/../../../../arm-none-eabi/lib/thumb/v7e-m+fp/hard\libc_nano.a
LOAD C:/ST/STM32CubeIDE_1.19.0/STM32CubeIDE/plugins/com.st.stm32cube.ide.mcu.externaltools.gnu-tools-for-stm32.13.3.rel1.win32_1.0.0.202411081344/tools/bin/../lib/gcc/arm-none-eabi/13.3.1/../../../../arm-none-eabi/lib/thumb/v7e-m+fp/hard\libnosys.a
END GROUP
START GROUP
LOAD C:/ST/STM32CubeIDE_1.19.0/STM32CubeIDE/plugins/com.st.stm32cube.ide.mcu.externaltools.gnu-tools-for-stm32.13.3.rel1.win32_1.0.0.202411081344/tools/bin/../lib/gcc/arm-none-eabi/13.3.1/thumb/v7e-m+fp/hard\libgcc.a
LOAD C:/ST/STM32CubeIDE_1.19.0/STM32CubeIDE/plugins/com.st.stm32cube.ide.mcu.externaltools.gnu-tools-for-stm32.13.3.rel1.win32_1.0.0.202411081344/tools/bin/../lib/gcc/arm-none-eabi/13.3.1/../../../../arm-none-eabi/lib/thumb/v7e-m+fp/hard\libc_nano.a
LOAD C:/ST/STM32CubeIDE_1.19.0/STM32CubeIDE/plugins/com.st.stm32cube.ide.mcu.externaltools.gnu-tools-for-stm32.13.3.rel1.win32_1.0.0.202411081344/tools/bin/../lib/gcc/arm-none-eabi/13.3.1/../../../../arm-none-eabi/lib/thumb/v7e-m+fp/hard\librdimon_nano.a
END GROUP
START GROUP
LOAD C:/ST/STM32CubeIDE_1.19.0/STM32CubeIDE/plugins/com.st.stm32cube.ide.mcu.externaltools.gnu-tools-for-stm32.13.3.rel1.win32_1.0.0.202411081344/tools/bin/../lib/gcc/arm-none-eabi/13.3.1/thumb/v7e-m+fp/hard\libgcc.a
LOAD C:/ST/STM32CubeIDE_1.19.0/STM32CubeIDE/plugins/com.st.stm32cube.ide.mcu.externaltools.gnu-tools-for-stm32.13.3.rel1.win32_1.0.0.202411081344/tools/bin/../lib/gcc/arm-none-eabi/13.3.1/../../../../arm-none-eabi/lib/thumb/v7e-m+fp/hard\libc_nano.a
LOAD C:/ST/STM32CubeIDE_1.19.0/STM32CubeIDE/plugins/com.st.stm32cube.ide.mcu.externaltools.gnu-tools-for-stm32.13.3.rel1.win32_1.0.0.202411081344/tools/bin/../lib/gcc/arm-none-eabi/13.3.1/../../../../arm-none-eabi/lib/thumb/v7e-m+fp/hard\librdimon_nano.a
LOAD C:/ST/STM32CubeIDE_1.19.0/STM32CubeIDE/plugins/com.st.stm32cube.ide.mcu.externaltools.gnu-tools-for-stm32.13.3.rel1.win32_1.0.0.202411081344/tools/bin/../lib/gcc/arm-none-eabi/13.3.1/../../../../arm-none-eabi/lib/thumb/v7e-m+fp/hard\libnosys.a
END GROUP
LOAD C:/ST/STM32CubeIDE_1.19.0/STM32CubeIDE/plugins/com.st.stm32cube.ide.mcu.externaltools.gnu-tools-for-stm32.13.3.rel1.win32_1.0.0.202411081344/tools/bin/../lib/gcc/arm-none-eabi/13.3.1/thumb/v7e-m+fp/hard/crtend.o
LOAD C:/ST/STM32CubeIDE_1.19.0/STM32CubeIDE/plugins/com.st.stm32cube.ide.mcu.externaltools.gnu-tools-for-stm32.13.3.rel1.win32_1.0.0.202411081344/tools/bin/../lib/gcc/arm-none-eabi/13.3.1/thumb/v7e-m+fp/hard/crtn.o
                0x20020000                        _estack = (ORIGIN (RAM) + LENGTH (RAM))
                0x00000200                        _Min_Heap_Size = 0x200
                0x00000400                        _Min_Stack_Size = 0x400

.isr_vector     0x08000000      0x188
                0x08000000                        . = ALIGN (0x4)
 *(.isr_vector)
 .isr_vector    0x08000000      0x188 ./Startup/startup_stm32f407vgtx.o
                0x08000000                g_pfnVectors
                0x08000188                        . = ALIGN (0x4)

.text           0x08000190     0x1980
                0x08000190                        . = ALIGN (0x4)
 *(.text)
 .text          0x08000190       0x40 C:/ST/STM32CubeIDE_1.19.0/STM32CubeIDE/plugins/com.st.stm32cube.ide.mcu.externaltools.gnu-tools-for-stm32.13.3.rel1.win32_1.0.0.202411081344/tools/bin/../lib/gcc/arm-none-eabi/13.3.1/thumb/v7e-m+fp/hard/crtbegin.o
 *(.text*)
 .text.EXTI_Init
                0x080001d0       0xe4 ./STM32_FreeRTOS_StdPeriph_Driver/src/stm32f4xx_exti.o
                0x080001d0                EXTI_Init
 .text.EXTI_ClearITPendingBit
                0x080002b4       0x20 ./STM32_FreeRTOS_StdPeriph_Driver/src/stm32f4xx_exti.o
                0x080002b4                EXTI_ClearITPendingBit
 .text.GPIO_Init
                0x080002d4      0x11e ./STM32_FreeRTOS_StdPeriph_Driver/src/stm32f4xx_gpio.o
                0x080002d4                GPIO_Init
 .text.GPIO_ReadInputDataBit
                0x080003f2       0x34 ./STM32_FreeRTOS_StdPeriph_Driver/src/stm32f4xx_gpio.o
                0x080003f2                GPIO_ReadInputDataBit
 .text.GPIO_WriteBit
                0x08000426       0x30 ./STM32_FreeRTOS_StdPeriph_Driver/src/stm32f4xx_gpio.o
                0x08000426                GPIO_WriteBit
 *fill*         0x08000456        0x2 
 .text.RCC_DeInit
                0x08000458       0x70 ./STM32_FreeRTOS_StdPeriph_Driver/src/stm32f4xx_rcc.o
                0x08000458                RCC_DeInit
 .text.RCC_AHB1PeriphClockCmd
                0x080004c8       0x40 ./STM32_FreeRTOS_StdPeriph_Driver/src/stm32f4xx_rcc.o
                0x080004c8                RCC_AHB1PeriphClockCmd
 .text.RCC_APB2PeriphClockCmd
                0x08000508       0x40 ./STM32_FreeRTOS_StdPeriph_Driver/src/stm32f4xx_rcc.o
                0x08000508                RCC_APB2PeriphClockCmd
 .text.SYSCFG_EXTILineConfig
                0x08000548       0x84 ./STM32_FreeRTOS_StdPeriph_Driver/src/stm32f4xx_syscfg.o
                0x08000548                SYSCFG_EXTILineConfig
 .text.Reset_Handler
                0x080005cc       0x50 ./Startup/startup_stm32f407vgtx.o
                0x080005cc                Reset_Handler
 .text.Default_Handler
                0x0800061c        0x2 ./Startup/startup_stm32f407vgtx.o
                0x0800061c                RTC_Alarm_IRQHandler
                0x0800061c                HASH_RNG_IRQHandler
                0x0800061c                EXTI2_IRQHandler
                0x0800061c                TIM8_CC_IRQHandler
                0x0800061c                DebugMon_Handler
                0x0800061c                TIM1_CC_IRQHandler
                0x0800061c                DMA2_Stream5_IRQHandler
                0x0800061c                HardFault_Handler
                0x0800061c                DMA1_Stream5_IRQHandler
                0x0800061c                PVD_IRQHandler
                0x0800061c                SDIO_IRQHandler
                0x0800061c                TAMP_STAMP_IRQHandler
                0x0800061c                NMI_Handler
                0x0800061c                CAN2_RX1_IRQHandler
                0x0800061c                EXTI3_IRQHandler
                0x0800061c                TIM8_TRG_COM_TIM14_IRQHandler
                0x0800061c                TIM1_UP_TIM10_IRQHandler
                0x0800061c                TIM8_UP_TIM13_IRQHandler
                0x0800061c                I2C3_ER_IRQHandler
                0x0800061c                I2C2_EV_IRQHandler
                0x0800061c                DMA1_Stream2_IRQHandler
                0x0800061c                CAN1_RX0_IRQHandler
                0x0800061c                FPU_IRQHandler
                0x0800061c                OTG_HS_WKUP_IRQHandler
                0x0800061c                UsageFault_Handler
                0x0800061c                CAN2_SCE_IRQHandler
                0x0800061c                DMA2_Stream2_IRQHandler
                0x0800061c                SPI1_IRQHandler
                0x0800061c                TIM6_DAC_IRQHandler
                0x0800061c                TIM1_BRK_TIM9_IRQHandler
                0x0800061c                DCMI_IRQHandler
                0x0800061c                CAN2_RX0_IRQHandler
                0x0800061c                DMA2_Stream3_IRQHandler
                0x0800061c                USART6_IRQHandler
                0x0800061c                USART3_IRQHandler
                0x0800061c                CRYP_IRQHandler
                0x0800061c                CAN1_RX1_IRQHandler
                0x0800061c                UART5_IRQHandler
                0x0800061c                DMA2_Stream0_IRQHandler
                0x0800061c                TIM4_IRQHandler
                0x0800061c                I2C1_EV_IRQHandler
                0x0800061c                DMA1_Stream6_IRQHandler
                0x0800061c                DMA1_Stream1_IRQHandler
                0x0800061c                UART4_IRQHandler
                0x0800061c                TIM3_IRQHandler
                0x0800061c                RCC_IRQHandler
                0x0800061c                TIM8_BRK_TIM12_IRQHandler
                0x0800061c                Default_Handler
                0x0800061c                EXTI15_10_IRQHandler
                0x0800061c                ADC_IRQHandler
                0x0800061c                DMA1_Stream7_IRQHandler
                0x0800061c                TIM7_IRQHandler
                0x0800061c                CAN2_TX_IRQHandler
                0x0800061c                TIM5_IRQHandler
                0x0800061c                DMA2_Stream7_IRQHandler
                0x0800061c                I2C3_EV_IRQHandler
                0x0800061c                EXTI9_5_IRQHandler
                0x0800061c                RTC_WKUP_IRQHandler
                0x0800061c                ETH_WKUP_IRQHandler
                0x0800061c                SPI2_IRQHandler
                0x0800061c                OTG_HS_EP1_IN_IRQHandler
                0x0800061c                MemManage_Handler
                0x0800061c                DMA1_Stream0_IRQHandler
                0x0800061c                CAN1_TX_IRQHandler
                0x0800061c                EXTI4_IRQHandler
                0x0800061c                FSMC_IRQHandler
                0x0800061c                ETH_IRQHandler
                0x0800061c                OTG_HS_EP1_OUT_IRQHandler
                0x0800061c                WWDG_IRQHandler
                0x0800061c                TIM2_IRQHandler
                0x0800061c                OTG_FS_WKUP_IRQHandler
                0x0800061c                TIM1_TRG_COM_TIM11_IRQHandler
                0x0800061c                OTG_HS_IRQHandler
                0x0800061c                EXTI1_IRQHandler
                0x0800061c                USART2_IRQHandler
                0x0800061c                I2C2_ER_IRQHandler
                0x0800061c                DMA2_Stream1_IRQHandler
                0x0800061c                CAN1_SCE_IRQHandler
                0x0800061c                DMA2_Stream4_IRQHandler
                0x0800061c                BusFault_Handler
                0x0800061c                USART1_IRQHandler
                0x0800061c                OTG_FS_IRQHandler
                0x0800061c                SPI3_IRQHandler
                0x0800061c                DMA1_Stream4_IRQHandler
                0x0800061c                I2C1_ER_IRQHandler
                0x0800061c                DMA2_Stream6_IRQHandler
                0x0800061c                DMA1_Stream3_IRQHandler
 .text.vListInitialise
                0x0800061e       0x40 ./ThirdParty/FreeRTOS/list.o
                0x0800061e                vListInitialise
 .text.vListInitialiseItem
                0x0800065e       0x1a ./ThirdParty/FreeRTOS/list.o
                0x0800065e                vListInitialiseItem
 .text.vListInsertEnd
                0x08000678       0x48 ./ThirdParty/FreeRTOS/list.o
                0x08000678                vListInsertEnd
 .text.uxListRemove
                0x080006c0       0x54 ./ThirdParty/FreeRTOS/list.o
                0x080006c0                uxListRemove
 .text.xTaskCreate
                0x08000714       0x82 ./ThirdParty/FreeRTOS/tasks.o
                0x08000714                xTaskCreate
 .text.prvInitialiseNewTask
                0x08000796      0x12e ./ThirdParty/FreeRTOS/tasks.o
 .text.prvAddNewTaskToReadyList
                0x080008c4       0xdc ./ThirdParty/FreeRTOS/tasks.o
 .text.vTaskStartScheduler
                0x080009a0       0x98 ./ThirdParty/FreeRTOS/tasks.o
                0x080009a0                vTaskStartScheduler
 .text.vTaskSuspendAll
                0x08000a38       0x1c ./ThirdParty/FreeRTOS/tasks.o
                0x08000a38                vTaskSuspendAll
 .text.xTaskResumeAll
                0x08000a54      0x13c ./ThirdParty/FreeRTOS/tasks.o
                0x08000a54                xTaskResumeAll
 .text.xTaskIncrementTick
                0x08000b90      0x174 ./ThirdParty/FreeRTOS/tasks.o
                0x08000b90                xTaskIncrementTick
 .text.vTaskSwitchContext
                0x08000d04       0xb8 ./ThirdParty/FreeRTOS/tasks.o
                0x08000d04                vTaskSwitchContext
 .text.prvIdleTask
                0x08000dbc       0x30 ./ThirdParty/FreeRTOS/tasks.o
 .text.prvInitialiseTaskLists
                0x08000dec       0x80 ./ThirdParty/FreeRTOS/tasks.o
 .text.prvCheckTasksWaitingTermination
                0x08000e6c       0x5c ./ThirdParty/FreeRTOS/tasks.o
 .text.prvDeleteTCB
                0x08000ec8       0x20 ./ThirdParty/FreeRTOS/tasks.o
 .text.prvResetNextTaskUnblockTime
                0x08000ee8       0x38 ./ThirdParty/FreeRTOS/tasks.o
 .text.pxPortInitialiseStack
                0x08000f20       0x68 ./ThirdParty/FreeRTOS/portable/GCC/ARM_CM4F/port.o
                0x08000f20                pxPortInitialiseStack
 .text.prvTaskExitError
                0x08000f88       0x5c ./ThirdParty/FreeRTOS/portable/GCC/ARM_CM4F/port.o
 *fill*         0x08000fe4        0xc 
 .text.SVC_Handler
                0x08000ff0       0x28 ./ThirdParty/FreeRTOS/portable/GCC/ARM_CM4F/port.o
                0x08000ff0                SVC_Handler
 .text.prvPortStartFirstTask
                0x08001018       0x2c ./ThirdParty/FreeRTOS/portable/GCC/ARM_CM4F/port.o
 .text.xPortStartScheduler
                0x08001044      0x148 ./ThirdParty/FreeRTOS/portable/GCC/ARM_CM4F/port.o
                0x08001044                xPortStartScheduler
 .text.vPortEnterCritical
                0x0800118c       0x64 ./ThirdParty/FreeRTOS/portable/GCC/ARM_CM4F/port.o
                0x0800118c                vPortEnterCritical
 .text.vPortExitCritical
                0x080011f0       0x54 ./ThirdParty/FreeRTOS/portable/GCC/ARM_CM4F/port.o
                0x080011f0                vPortExitCritical
 *fill*         0x08001244        0xc 
 .text.PendSV_Handler
                0x08001250       0x68 ./ThirdParty/FreeRTOS/portable/GCC/ARM_CM4F/port.o
                0x08001250                PendSV_Handler
 .text.SysTick_Handler
                0x080012b8       0x4c ./ThirdParty/FreeRTOS/portable/GCC/ARM_CM4F/port.o
                0x080012b8                SysTick_Handler
 .text.vPortSetupTimerInterrupt
                0x08001304       0x48 ./ThirdParty/FreeRTOS/portable/GCC/ARM_CM4F/port.o
                0x08001304                vPortSetupTimerInterrupt
 .text.vPortEnableVFP
                0x0800134c       0x18 ./ThirdParty/FreeRTOS/portable/GCC/ARM_CM4F/port.o
 .text.pvPortMalloc
                0x08001364      0x1c4 ./ThirdParty/FreeRTOS/portable/MemMang/heap_4.o
                0x08001364                pvPortMalloc
 .text.vPortFree
                0x08001528       0xc8 ./ThirdParty/FreeRTOS/portable/MemMang/heap_4.o
                0x08001528                vPortFree
 .text.prvHeapInit
                0x080015f0       0xc4 ./ThirdParty/FreeRTOS/portable/MemMang/heap_4.o
 .text.prvInsertBlockIntoFreeList
                0x080016b4       0xb4 ./ThirdParty/FreeRTOS/portable/MemMang/heap_4.o
 .text.NVIC_EnableIRQ
                0x08001768       0x34 ./src/led_btn_interrupt.o
 .text.NVIC_SetPriority
                0x0800179c       0x54 ./src/led_btn_interrupt.o
 .text.main     0x080017f0       0x38 ./src/led_btn_interrupt.o
                0x080017f0                main
 .text.LED_task_hndlr
                0x08001828       0x34 ./src/led_btn_interrupt.o
                0x08001828                LED_task_hndlr
 .text.BTN_hndlr
                0x0800185c       0x3c ./src/led_btn_interrupt.o
                0x0800185c                BTN_hndlr
 .text.pvrt_stup_hdwr
                0x08001898        0xc ./src/led_btn_interrupt.o
 .text.pvrt_gpio_setup
                0x080018a4       0xa0 ./src/led_btn_interrupt.o
                0x080018a4                pvrt_gpio_setup
 .text.EXTI0_IRQHandler
                0x08001944       0x30 ./src/led_btn_interrupt.o
                0x08001944                EXTI0_IRQHandler
 .text.SystemInit
                0x08001974       0x2c ./src/system_stm32f4xx.o
                0x08001974                SystemInit
 .text.SystemCoreClockUpdate
                0x080019a0      0x100 ./src/system_stm32f4xx.o
                0x080019a0                SystemCoreClockUpdate
 .text.memset   0x08001aa0       0x10 C:/ST/STM32CubeIDE_1.19.0/STM32CubeIDE/plugins/com.st.stm32cube.ide.mcu.externaltools.gnu-tools-for-stm32.13.3.rel1.win32_1.0.0.202411081344/tools/bin/../lib/gcc/arm-none-eabi/13.3.1/../../../../arm-none-eabi/lib/thumb/v7e-m+fp/hard\libc_nano.a(libc_a-memset.o)
                0x08001aa0                memset
 .text.__libc_init_array
                0x08001ab0       0x48 C:/ST/STM32CubeIDE_1.19.0/STM32CubeIDE/plugins/com.st.stm32cube.ide.mcu.externaltools.gnu-tools-for-stm32.13.3.rel1.win32_1.0.0.202411081344/tools/bin/../lib/gcc/arm-none-eabi/13.3.1/../../../../arm-none-eabi/lib/thumb/v7e-m+fp/hard\libc_nano.a(libc_a-init.o)
                0x08001ab0                __libc_init_array
 *(.glue_7)
 .glue_7        0x08001af8        0x0 linker stubs
 *(.glue_7t)
 .glue_7t       0x08001af8        0x0 linker stubs
 *(.eh_frame)
 .eh_frame      0x08001af8        0x0 C:/ST/STM32CubeIDE_1.19.0/STM32CubeIDE/plugins/com.st.stm32cube.ide.mcu.externaltools.gnu-tools-for-stm32.13.3.rel1.win32_1.0.0.202411081344/tools/bin/../lib/gcc/arm-none-eabi/13.3.1/thumb/v7e-m+fp/hard/crtbegin.o
 *(.init)
 .init          0x08001af8        0x4 C:/ST/STM32CubeIDE_1.19.0/STM32CubeIDE/plugins/com.st.stm32cube.ide.mcu.externaltools.gnu-tools-for-stm32.13.3.rel1.win32_1.0.0.202411081344/tools/bin/../lib/gcc/arm-none-eabi/13.3.1/thumb/v7e-m+fp/hard/crti.o
                0x08001af8                _init
 .init          0x08001afc        0x8 C:/ST/STM32CubeIDE_1.19.0/STM32CubeIDE/plugins/com.st.stm32cube.ide.mcu.externaltools.gnu-tools-for-stm32.13.3.rel1.win32_1.0.0.202411081344/tools/bin/../lib/gcc/arm-none-eabi/13.3.1/thumb/v7e-m+fp/hard/crtn.o
 *(.fini)
 .fini          0x08001b04        0x4 C:/ST/STM32CubeIDE_1.19.0/STM32CubeIDE/plugins/com.st.stm32cube.ide.mcu.externaltools.gnu-tools-for-stm32.13.3.rel1.win32_1.0.0.202411081344/tools/bin/../lib/gcc/arm-none-eabi/13.3.1/thumb/v7e-m+fp/hard/crti.o
                0x08001b04                _fini
 .fini          0x08001b08        0x8 C:/ST/STM32CubeIDE_1.19.0/STM32CubeIDE/plugins/com.st.stm32cube.ide.mcu.externaltools.gnu-tools-for-stm32.13.3.rel1.win32_1.0.0.202411081344/tools/bin/../lib/gcc/arm-none-eabi/13.3.1/thumb/v7e-m+fp/hard/crtn.o
                0x08001b10                        . = ALIGN (0x4)
                0x08001b10                        _etext = .

.vfp11_veneer   0x08001b10        0x0
 .vfp11_veneer  0x08001b10        0x0 linker stubs

.v4_bx          0x08001b10        0x0
 .v4_bx         0x08001b10        0x0 linker stubs

.iplt           0x08001b10        0x0
 .iplt          0x08001b10        0x0 C:/ST/STM32CubeIDE_1.19.0/STM32CubeIDE/plugins/com.st.stm32cube.ide.mcu.externaltools.gnu-tools-for-stm32.13.3.rel1.win32_1.0.0.202411081344/tools/bin/../lib/gcc/arm-none-eabi/13.3.1/thumb/v7e-m+fp/hard/crtbegin.o

.rodata         0x08001b10       0x28
                0x08001b10                        . = ALIGN (0x4)
 *(.rodata)
 .rodata        0x08001b10        0x5 ./ThirdParty/FreeRTOS/tasks.o
 *fill*         0x08001b15        0x3 
 .rodata        0x08001b18        0x9 ./src/led_btn_interrupt.o
 *(.rodata*)
 *fill*         0x08001b21        0x3 
 .rodata.uxTopUsedPriority
                0x08001b24        0x4 ./ThirdParty/FreeRTOS/tasks.o
                0x08001b24                uxTopUsedPriority
 .rodata.AHBPrescTable
                0x08001b28       0x10 ./src/system_stm32f4xx.o
                0x08001b28                AHBPrescTable
                0x08001b38                        . = ALIGN (0x4)

.ARM.extab      0x08001b38        0x0
                0x08001b38                        . = ALIGN (0x4)
 *(.ARM.extab* .gnu.linkonce.armextab.*)
                0x08001b38                        . = ALIGN (0x4)

.ARM            0x08001b38        0x0
                0x08001b38                        . = ALIGN (0x4)
                0x08001b38                        __exidx_start = .
 *(.ARM.exidx*)
                0x08001b38                        __exidx_end = .
                0x08001b38                        . = ALIGN (0x4)

.preinit_array  0x08001b38        0x0
                0x08001b38                        . = ALIGN (0x4)
                0x08001b38                        PROVIDE (__preinit_array_start = .)
 *(.preinit_array*)
                0x08001b38                        PROVIDE (__preinit_array_end = .)
                0x08001b38                        . = ALIGN (0x4)

.init_array     0x08001b38        0x4
                0x08001b38                        . = ALIGN (0x4)
                0x08001b38                        PROVIDE (__init_array_start = .)
 *(SORT_BY_NAME(.init_array.*))
 *(.init_array*)
 .init_array    0x08001b38        0x4 C:/ST/STM32CubeIDE_1.19.0/STM32CubeIDE/plugins/com.st.stm32cube.ide.mcu.externaltools.gnu-tools-for-stm32.13.3.rel1.win32_1.0.0.202411081344/tools/bin/../lib/gcc/arm-none-eabi/13.3.1/thumb/v7e-m+fp/hard/crtbegin.o
                0x08001b3c                        PROVIDE (__init_array_end = .)
                0x08001b3c                        . = ALIGN (0x4)

.fini_array     0x08001b3c        0x4
                0x08001b3c                        . = ALIGN (0x4)
                [!provide]                        PROVIDE (__fini_array_start = .)
 *(SORT_BY_NAME(.fini_array.*))
 *(.fini_array*)
 .fini_array    0x08001b3c        0x4 C:/ST/STM32CubeIDE_1.19.0/STM32CubeIDE/plugins/com.st.stm32cube.ide.mcu.externaltools.gnu-tools-for-stm32.13.3.rel1.win32_1.0.0.202411081344/tools/bin/../lib/gcc/arm-none-eabi/13.3.1/thumb/v7e-m+fp/hard/crtbegin.o
                [!provide]                        PROVIDE (__fini_array_end = .)
                0x08001b40                        . = ALIGN (0x4)
                0x08001b40                        _sidata = LOADADDR (.data)

.rel.dyn        0x08001b40        0x0
 .rel.iplt      0x08001b40        0x0 C:/ST/STM32CubeIDE_1.19.0/STM32CubeIDE/plugins/com.st.stm32cube.ide.mcu.externaltools.gnu-tools-for-stm32.13.3.rel1.win32_1.0.0.202411081344/tools/bin/../lib/gcc/arm-none-eabi/13.3.1/thumb/v7e-m+fp/hard/crtbegin.o

.data           0x20000000        0x8 load address 0x08001b40
                0x20000000                        . = ALIGN (0x4)
                0x20000000                        _sdata = .
 *(.data)
 *(.data*)
 .data.uxCriticalNesting
                0x20000000        0x4 ./ThirdParty/FreeRTOS/portable/GCC/ARM_CM4F/port.o
 .data.SystemCoreClock
                0x20000004        0x4 ./src/system_stm32f4xx.o
                0x20000004                SystemCoreClock
 *(.RamFunc)
 *(.RamFunc*)
                0x20000008                        . = ALIGN (0x4)
                0x20000008                        _edata = .
                0x08001b48                        _siccmram = LOADADDR (.ccmram)

.igot.plt       0x20000008        0x0 load address 0x08001b48
 .igot.plt      0x20000008        0x0 C:/ST/STM32CubeIDE_1.19.0/STM32CubeIDE/plugins/com.st.stm32cube.ide.mcu.externaltools.gnu-tools-for-stm32.13.3.rel1.win32_1.0.0.202411081344/tools/bin/../lib/gcc/arm-none-eabi/13.3.1/thumb/v7e-m+fp/hard/crtbegin.o

.ccmram         0x10000000        0x0 load address 0x08001b48
                0x10000000                        . = ALIGN (0x4)
                0x10000000                        _sccmram = .
 *(.ccmram)
 *(.ccmram*)
                0x10000000                        . = ALIGN (0x4)
                0x10000000                        _eccmram = .
                0x10000000                        . = ALIGN (0x4)

.bss            0x20000008    0x12d4c
                0x20000008                        _sbss = .
                0x20000008                        __bss_start__ = _sbss
 *(.bss)
 .bss           0x20000008       0x1c C:/ST/STM32CubeIDE_1.19.0/STM32CubeIDE/plugins/com.st.stm32cube.ide.mcu.externaltools.gnu-tools-for-stm32.13.3.rel1.win32_1.0.0.202411081344/tools/bin/../lib/gcc/arm-none-eabi/13.3.1/thumb/v7e-m+fp/hard/crtbegin.o
 *(.bss*)
 .bss.pxCurrentTCB
                0x20000024        0x4 ./ThirdParty/FreeRTOS/tasks.o
                0x20000024                pxCurrentTCB
 .bss.pxReadyTasksLists
                0x20000028       0x64 ./ThirdParty/FreeRTOS/tasks.o
 .bss.xDelayedTaskList1
                0x2000008c       0x14 ./ThirdParty/FreeRTOS/tasks.o
 .bss.xDelayedTaskList2
                0x200000a0       0x14 ./ThirdParty/FreeRTOS/tasks.o
 .bss.pxDelayedTaskList
                0x200000b4        0x4 ./ThirdParty/FreeRTOS/tasks.o
 .bss.pxOverflowDelayedTaskList
                0x200000b8        0x4 ./ThirdParty/FreeRTOS/tasks.o
 .bss.xPendingReadyList
                0x200000bc       0x14 ./ThirdParty/FreeRTOS/tasks.o
 .bss.xTasksWaitingTermination
                0x200000d0       0x14 ./ThirdParty/FreeRTOS/tasks.o
 .bss.uxDeletedTasksWaitingCleanUp
                0x200000e4        0x4 ./ThirdParty/FreeRTOS/tasks.o
 .bss.xSuspendedTaskList
                0x200000e8       0x14 ./ThirdParty/FreeRTOS/tasks.o
 .bss.uxCurrentNumberOfTasks
                0x200000fc        0x4 ./ThirdParty/FreeRTOS/tasks.o
 .bss.xTickCount
                0x20000100        0x4 ./ThirdParty/FreeRTOS/tasks.o
 .bss.uxTopReadyPriority
                0x20000104        0x4 ./ThirdParty/FreeRTOS/tasks.o
 .bss.xSchedulerRunning
                0x20000108        0x4 ./ThirdParty/FreeRTOS/tasks.o
 .bss.xPendedTicks
                0x2000010c        0x4 ./ThirdParty/FreeRTOS/tasks.o
 .bss.xYieldPending
                0x20000110        0x4 ./ThirdParty/FreeRTOS/tasks.o
 .bss.xNumOfOverflows
                0x20000114        0x4 ./ThirdParty/FreeRTOS/tasks.o
 .bss.uxTaskNumber
                0x20000118        0x4 ./ThirdParty/FreeRTOS/tasks.o
 .bss.xNextTaskUnblockTime
                0x2000011c        0x4 ./ThirdParty/FreeRTOS/tasks.o
 .bss.xIdleTaskHandle
                0x20000120        0x4 ./ThirdParty/FreeRTOS/tasks.o
 .bss.uxSchedulerSuspended
                0x20000124        0x4 ./ThirdParty/FreeRTOS/tasks.o
 .bss.ucMaxSysCallPriority
                0x20000128        0x1 ./ThirdParty/FreeRTOS/portable/GCC/ARM_CM4F/port.o
 *fill*         0x20000129        0x3 
 .bss.ulMaxPRIGROUPValue
                0x2000012c        0x4 ./ThirdParty/FreeRTOS/portable/GCC/ARM_CM4F/port.o
 .bss.ucHeap    0x20000130    0x12c00 ./ThirdParty/FreeRTOS/portable/MemMang/heap_4.o
 .bss.xStart    0x20012d30        0x8 ./ThirdParty/FreeRTOS/portable/MemMang/heap_4.o
 .bss.pxEnd     0x20012d38        0x4 ./ThirdParty/FreeRTOS/portable/MemMang/heap_4.o
 .bss.xFreeBytesRemaining
                0x20012d3c        0x4 ./ThirdParty/FreeRTOS/portable/MemMang/heap_4.o
 .bss.xMinimumEverFreeBytesRemaining
                0x20012d40        0x4 ./ThirdParty/FreeRTOS/portable/MemMang/heap_4.o
 .bss.xNumberOfSuccessfulAllocations
                0x20012d44        0x4 ./ThirdParty/FreeRTOS/portable/MemMang/heap_4.o
 .bss.xNumberOfSuccessfulFrees
                0x20012d48        0x4 ./ThirdParty/FreeRTOS/portable/MemMang/heap_4.o
 .bss.xBlockAllocatedBit
                0x20012d4c        0x4 ./ThirdParty/FreeRTOS/portable/MemMang/heap_4.o
 .bss.BTN_pressed
                0x20012d50        0x1 ./src/led_btn_interrupt.o
                0x20012d50                BTN_pressed
 *(COMMON)
                0x20012d54                        . = ALIGN (0x4)
 *fill*         0x20012d51        0x3 
                0x20012d54                        _ebss = .
                0x20012d54                        __bss_end__ = _ebss

._user_heap_stack
                0x20012d54      0x604
                0x20012d58                        . = ALIGN (0x8)
 *fill*         0x20012d54        0x4 
                0x20012d58                        PROVIDE (end = .)
                [!provide]                        PROVIDE (_end = .)
                0x20012f58                        . = (. + _Min_Heap_Size)
 *fill*         0x20012d58      0x200 
                0x20013358                        . = (. + _Min_Stack_Size)
 *fill*         0x20012f58      0x400 
                0x20013358                        . = ALIGN (0x8)

/DISCARD/
 libc.a(*)
 libm.a(*)
 libgcc.a(*)

.ARM.attributes
                0x00000000       0x30
 *(.ARM.attributes)
 .ARM.attributes
                0x00000000       0x22 C:/ST/STM32CubeIDE_1.19.0/STM32CubeIDE/plugins/com.st.stm32cube.ide.mcu.externaltools.gnu-tools-for-stm32.13.3.rel1.win32_1.0.0.202411081344/tools/bin/../lib/gcc/arm-none-eabi/13.3.1/thumb/v7e-m+fp/hard/crti.o
 .ARM.attributes
                0x00000022       0x34 C:/ST/STM32CubeIDE_1.19.0/STM32CubeIDE/plugins/com.st.stm32cube.ide.mcu.externaltools.gnu-tools-for-stm32.13.3.rel1.win32_1.0.0.202411081344/tools/bin/../lib/gcc/arm-none-eabi/13.3.1/thumb/v7e-m+fp/hard/crtbegin.o
 .ARM.attributes
                0x00000056       0x34 ./STM32_FreeRTOS_StdPeriph_Driver/src/stm32f4xx_exti.o
 .ARM.attributes
                0x0000008a       0x34 ./STM32_FreeRTOS_StdPeriph_Driver/src/stm32f4xx_gpio.o
 .ARM.attributes
                0x000000be       0x34 ./STM32_FreeRTOS_StdPeriph_Driver/src/stm32f4xx_rcc.o
 .ARM.attributes
                0x000000f2       0x34 ./STM32_FreeRTOS_StdPeriph_Driver/src/stm32f4xx_syscfg.o
 .ARM.attributes
                0x00000126       0x21 ./Startup/startup_stm32f407vgtx.o
 .ARM.attributes
                0x00000147       0x34 ./ThirdParty/FreeRTOS/list.o
 .ARM.attributes
                0x0000017b       0x34 ./ThirdParty/FreeRTOS/tasks.o
 .ARM.attributes
                0x000001af       0x34 ./ThirdParty/FreeRTOS/portable/GCC/ARM_CM4F/port.o
 .ARM.attributes
                0x000001e3       0x34 ./ThirdParty/FreeRTOS/portable/MemMang/heap_4.o
 .ARM.attributes
                0x00000217       0x34 ./src/led_btn_interrupt.o
 .ARM.attributes
                0x0000024b       0x34 ./src/system_stm32f4xx.o
 .ARM.attributes
                0x0000027f       0x34 C:/ST/STM32CubeIDE_1.19.0/STM32CubeIDE/plugins/com.st.stm32cube.ide.mcu.externaltools.gnu-tools-for-stm32.13.3.rel1.win32_1.0.0.202411081344/tools/bin/../lib/gcc/arm-none-eabi/13.3.1/../../../../arm-none-eabi/lib/thumb/v7e-m+fp/hard\libc_nano.a(libc_a-memset.o)
 .ARM.attributes
                0x000002b3       0x34 C:/ST/STM32CubeIDE_1.19.0/STM32CubeIDE/plugins/com.st.stm32cube.ide.mcu.externaltools.gnu-tools-for-stm32.13.3.rel1.win32_1.0.0.202411081344/tools/bin/../lib/gcc/arm-none-eabi/13.3.1/../../../../arm-none-eabi/lib/thumb/v7e-m+fp/hard\libc_nano.a(libc_a-init.o)
 .ARM.attributes
                0x000002e7       0x22 C:/ST/STM32CubeIDE_1.19.0/STM32CubeIDE/plugins/com.st.stm32cube.ide.mcu.externaltools.gnu-tools-for-stm32.13.3.rel1.win32_1.0.0.202411081344/tools/bin/../lib/gcc/arm-none-eabi/13.3.1/thumb/v7e-m+fp/hard/crtn.o
OUTPUT(FreeRTOS.elf elf32-littlearm)
LOAD linker stubs
LOAD C:/ST/STM32CubeIDE_1.19.0/STM32CubeIDE/plugins/com.st.stm32cube.ide.mcu.externaltools.gnu-tools-for-stm32.13.3.rel1.win32_1.0.0.202411081344/tools/bin/../lib/gcc/arm-none-eabi/13.3.1/../../../../arm-none-eabi/lib/thumb/v7e-m+fp/hard\libc.a
LOAD C:/ST/STM32CubeIDE_1.19.0/STM32CubeIDE/plugins/com.st.stm32cube.ide.mcu.externaltools.gnu-tools-for-stm32.13.3.rel1.win32_1.0.0.202411081344/tools/bin/../lib/gcc/arm-none-eabi/13.3.1/../../../../arm-none-eabi/lib/thumb/v7e-m+fp/hard\libm.a
LOAD C:/ST/STM32CubeIDE_1.19.0/STM32CubeIDE/plugins/com.st.stm32cube.ide.mcu.externaltools.gnu-tools-for-stm32.13.3.rel1.win32_1.0.0.202411081344/tools/bin/../lib/gcc/arm-none-eabi/13.3.1/thumb/v7e-m+fp/hard\libgcc.a

.debug_info     0x00000000     0x575d
 .debug_info    0x00000000      0x31f ./STM32_FreeRTOS_StdPeriph_Driver/src/stm32f4xx_exti.o
 .debug_info    0x0000031f      0x60c ./STM32_FreeRTOS_StdPeriph_Driver/src/stm32f4xx_gpio.o
 .debug_info    0x0000092b      0xde4 ./STM32_FreeRTOS_StdPeriph_Driver/src/stm32f4xx_rcc.o
 .debug_info    0x0000170f      0x288 ./STM32_FreeRTOS_StdPeriph_Driver/src/stm32f4xx_syscfg.o
 .debug_info    0x00001997       0x30 ./Startup/startup_stm32f407vgtx.o
 .debug_info    0x000019c7      0x2af ./ThirdParty/FreeRTOS/list.o
 .debug_info    0x00001c76     0x2056 ./ThirdParty/FreeRTOS/tasks.o
 .debug_info    0x00003ccc      0x582 ./ThirdParty/FreeRTOS/portable/GCC/ARM_CM4F/port.o
 .debug_info    0x0000424e      0x4d5 ./ThirdParty/FreeRTOS/portable/MemMang/heap_4.o
 .debug_info    0x00004723      0xb3c ./src/led_btn_interrupt.o
 .debug_info    0x0000525f      0x4fe ./src/system_stm32f4xx.o

.debug_abbrev   0x00000000     0x1444
 .debug_abbrev  0x00000000      0x1d3 ./STM32_FreeRTOS_StdPeriph_Driver/src/stm32f4xx_exti.o
 .debug_abbrev  0x000001d3      0x1ee ./STM32_FreeRTOS_StdPeriph_Driver/src/stm32f4xx_gpio.o
 .debug_abbrev  0x000003c1      0x1e1 ./STM32_FreeRTOS_StdPeriph_Driver/src/stm32f4xx_rcc.o
 .debug_abbrev  0x000005a2      0x163 ./STM32_FreeRTOS_StdPeriph_Driver/src/stm32f4xx_syscfg.o
 .debug_abbrev  0x00000705       0x24 ./Startup/startup_stm32f407vgtx.o
 .debug_abbrev  0x00000729       0xf5 ./ThirdParty/FreeRTOS/list.o
 .debug_abbrev  0x0000081e      0x389 ./ThirdParty/FreeRTOS/tasks.o
 .debug_abbrev  0x00000ba7      0x25a ./ThirdParty/FreeRTOS/portable/GCC/ARM_CM4F/port.o
 .debug_abbrev  0x00000e01      0x21e ./ThirdParty/FreeRTOS/portable/MemMang/heap_4.o
 .debug_abbrev  0x0000101f      0x2f6 ./src/led_btn_interrupt.o
 .debug_abbrev  0x00001315      0x12f ./src/system_stm32f4xx.o

.debug_aranges  0x00000000      0x6b0
 .debug_aranges
                0x00000000       0x58 ./STM32_FreeRTOS_StdPeriph_Driver/src/stm32f4xx_exti.o
 .debug_aranges
                0x00000058       0x88 ./STM32_FreeRTOS_StdPeriph_Driver/src/stm32f4xx_gpio.o
 .debug_aranges
                0x000000e0      0x1c0 ./STM32_FreeRTOS_StdPeriph_Driver/src/stm32f4xx_rcc.o
 .debug_aranges
                0x000002a0       0x50 ./STM32_FreeRTOS_StdPeriph_Driver/src/stm32f4xx_syscfg.o
 .debug_aranges
                0x000002f0       0x28 ./Startup/startup_stm32f407vgtx.o
 .debug_aranges
                0x00000318       0x40 ./ThirdParty/FreeRTOS/list.o
 .debug_aranges
                0x00000358      0x1f8 ./ThirdParty/FreeRTOS/tasks.o
 .debug_aranges
                0x00000550       0x88 ./ThirdParty/FreeRTOS/portable/GCC/ARM_CM4F/port.o
 .debug_aranges
                0x000005d8       0x58 ./ThirdParty/FreeRTOS/portable/MemMang/heap_4.o
 .debug_aranges
                0x00000630       0x58 ./src/led_btn_interrupt.o
 .debug_aranges
                0x00000688       0x28 ./src/system_stm32f4xx.o

.debug_rnglists
                0x00000000      0x4fb
 .debug_rnglists
                0x00000000       0x3e ./STM32_FreeRTOS_StdPeriph_Driver/src/stm32f4xx_exti.o
 .debug_rnglists
                0x0000003e       0x64 ./STM32_FreeRTOS_StdPeriph_Driver/src/stm32f4xx_gpio.o
 .debug_rnglists
                0x000000a2      0x14c ./STM32_FreeRTOS_StdPeriph_Driver/src/stm32f4xx_rcc.o
 .debug_rnglists
                0x000001ee       0x38 ./STM32_FreeRTOS_StdPeriph_Driver/src/stm32f4xx_syscfg.o
 .debug_rnglists
                0x00000226       0x19 ./Startup/startup_stm32f407vgtx.o
 .debug_rnglists
                0x0000023f       0x2b ./ThirdParty/FreeRTOS/list.o
 .debug_rnglists
                0x0000026a      0x193 ./ThirdParty/FreeRTOS/tasks.o
 .debug_rnglists
                0x000003fd       0x64 ./ThirdParty/FreeRTOS/portable/GCC/ARM_CM4F/port.o
 .debug_rnglists
                0x00000461       0x42 ./ThirdParty/FreeRTOS/portable/MemMang/heap_4.o
 .debug_rnglists
                0x000004a3       0x3e ./src/led_btn_interrupt.o
 .debug_rnglists
                0x000004e1       0x1a ./src/system_stm32f4xx.o

.debug_macro    0x00000000     0x1d71
 .debug_macro   0x00000000      0x1be ./STM32_FreeRTOS_StdPeriph_Driver/src/stm32f4xx_exti.o
 .debug_macro   0x000001be       0xaf ./STM32_FreeRTOS_StdPeriph_Driver/src/stm32f4xx_exti.o
 .debug_macro   0x0000026d      0x1bc ./STM32_FreeRTOS_StdPeriph_Driver/src/stm32f4xx_gpio.o
 .debug_macro   0x00000429      0x2f5 ./STM32_FreeRTOS_StdPeriph_Driver/src/stm32f4xx_gpio.o
 .debug_macro   0x0000071e      0x28b ./STM32_FreeRTOS_StdPeriph_Driver/src/stm32f4xx_rcc.o
 .debug_macro   0x000009a9      0x20a ./STM32_FreeRTOS_StdPeriph_Driver/src/stm32f4xx_syscfg.o
 .debug_macro   0x00000bb3      0x10e ./STM32_FreeRTOS_StdPeriph_Driver/src/stm32f4xx_syscfg.o
 .debug_macro   0x00000cc1      0x193 ./ThirdParty/FreeRTOS/list.o
 .debug_macro   0x00000e54      0x280 ./ThirdParty/FreeRTOS/tasks.o
 .debug_macro   0x000010d4       0x10 ./ThirdParty/FreeRTOS/tasks.o
 .debug_macro   0x000010e4      0x196 ./ThirdParty/FreeRTOS/portable/GCC/ARM_CM4F/port.o
 .debug_macro   0x0000127a      0x1ae ./ThirdParty/FreeRTOS/portable/MemMang/heap_4.o
 .debug_macro   0x00001428      0x33b ./src/led_btn_interrupt.o
 .debug_macro   0x00001763       0x16 ./src/led_btn_interrupt.o
 .debug_macro   0x00001779       0x9e ./src/led_btn_interrupt.o
 .debug_macro   0x00001817      0x112 ./src/led_btn_interrupt.o
 .debug_macro   0x00001929       0x10 ./src/led_btn_interrupt.o
 .debug_macro   0x00001939       0x16 ./src/led_btn_interrupt.o
 .debug_macro   0x0000194f       0x16 ./src/led_btn_interrupt.o
 .debug_macro   0x00001965      0x146 ./src/led_btn_interrupt.o
 .debug_macro   0x00001aab      0x112 ./src/led_btn_interrupt.o
 .debug_macro   0x00001bbd      0x1b4 ./src/system_stm32f4xx.o

.debug_line     0x00000000     0x75b2
 .debug_line    0x00000000      0x8d8 ./STM32_FreeRTOS_StdPeriph_Driver/src/stm32f4xx_exti.o
 .debug_line    0x000008d8      0xa4b ./STM32_FreeRTOS_StdPeriph_Driver/src/stm32f4xx_gpio.o
 .debug_line    0x00001323     0x105d ./STM32_FreeRTOS_StdPeriph_Driver/src/stm32f4xx_rcc.o
 .debug_line    0x00002380      0x825 ./STM32_FreeRTOS_StdPeriph_Driver/src/stm32f4xx_syscfg.o
 .debug_line    0x00002ba5       0x7b ./Startup/startup_stm32f407vgtx.o
 .debug_line    0x00002c20      0x7bb ./ThirdParty/FreeRTOS/list.o
 .debug_line    0x000033db     0x1be3 ./ThirdParty/FreeRTOS/tasks.o
 .debug_line    0x00004fbe      0x908 ./ThirdParty/FreeRTOS/portable/GCC/ARM_CM4F/port.o
 .debug_line    0x000058c6      0x9ef ./ThirdParty/FreeRTOS/portable/MemMang/heap_4.o
 .debug_line    0x000062b5      0xb49 ./src/led_btn_interrupt.o
 .debug_line    0x00006dfe      0x7b4 ./src/system_stm32f4xx.o

.debug_str      0x00000000    0x6ba32
 .debug_str     0x00000000    0x6ba32 ./STM32_FreeRTOS_StdPeriph_Driver/src/stm32f4xx_exti.o
                              0x5ecec (size before relaxing)
 .debug_str     0x0006ba32    0x5ee45 ./STM32_FreeRTOS_StdPeriph_Driver/src/stm32f4xx_gpio.o
 .debug_str     0x0006ba32    0x5f92b ./STM32_FreeRTOS_StdPeriph_Driver/src/stm32f4xx_rcc.o
 .debug_str     0x0006ba32    0x5ef53 ./STM32_FreeRTOS_StdPeriph_Driver/src/stm32f4xx_syscfg.o
 .debug_str     0x0006ba32       0x6b ./Startup/startup_stm32f407vgtx.o
 .debug_str     0x0006ba32     0xafa7 ./ThirdParty/FreeRTOS/list.o
 .debug_str     0x0006ba32     0xe160 ./ThirdParty/FreeRTOS/tasks.o
 .debug_str     0x0006ba32     0x96dc ./ThirdParty/FreeRTOS/portable/GCC/ARM_CM4F/port.o
 .debug_str     0x0006ba32     0xc470 ./ThirdParty/FreeRTOS/portable/MemMang/heap_4.o
 .debug_str     0x0006ba32    0x67da5 ./src/led_btn_interrupt.o
 .debug_str     0x0006ba32    0x5ecea ./src/system_stm32f4xx.o

.comment        0x00000000       0x43
 .comment       0x00000000       0x43 ./STM32_FreeRTOS_StdPeriph_Driver/src/stm32f4xx_exti.o
                                 0x44 (size before relaxing)
 .comment       0x00000043       0x44 ./STM32_FreeRTOS_StdPeriph_Driver/src/stm32f4xx_gpio.o
 .comment       0x00000043       0x44 ./STM32_FreeRTOS_StdPeriph_Driver/src/stm32f4xx_rcc.o
 .comment       0x00000043       0x44 ./STM32_FreeRTOS_StdPeriph_Driver/src/stm32f4xx_syscfg.o
 .comment       0x00000043       0x44 ./ThirdParty/FreeRTOS/list.o
 .comment       0x00000043       0x44 ./ThirdParty/FreeRTOS/tasks.o
 .comment       0x00000043       0x44 ./ThirdParty/FreeRTOS/portable/GCC/ARM_CM4F/port.o
 .comment       0x00000043       0x44 ./ThirdParty/FreeRTOS/portable/MemMang/heap_4.o
 .comment       0x00000043       0x44 ./src/led_btn_interrupt.o
 .comment       0x00000043       0x44 ./src/system_stm32f4xx.o

.debug_frame    0x00000000     0x1b0c
 .debug_frame   0x00000000      0x148 ./STM32_FreeRTOS_StdPeriph_Driver/src/stm32f4xx_exti.o
 .debug_frame   0x00000148      0x23c ./STM32_FreeRTOS_StdPeriph_Driver/src/stm32f4xx_gpio.o
 .debug_frame   0x00000384      0x83c ./STM32_FreeRTOS_StdPeriph_Driver/src/stm32f4xx_rcc.o
 .debug_frame   0x00000bc0      0x11c ./STM32_FreeRTOS_StdPeriph_Driver/src/stm32f4xx_syscfg.o
 .debug_frame   0x00000cdc       0xd8 ./ThirdParty/FreeRTOS/list.o
 .debug_frame   0x00000db4      0x898 ./ThirdParty/FreeRTOS/tasks.o
 .debug_frame   0x0000164c      0x1d0 ./ThirdParty/FreeRTOS/portable/GCC/ARM_CM4F/port.o
 .debug_frame   0x0000181c      0x12c ./ThirdParty/FreeRTOS/portable/MemMang/heap_4.o
 .debug_frame   0x00001948      0x120 ./src/led_btn_interrupt.o
 .debug_frame   0x00001a68       0x58 ./src/system_stm32f4xx.o
 .debug_frame   0x00001ac0       0x20 C:/ST/STM32CubeIDE_1.19.0/STM32CubeIDE/plugins/com.st.stm32cube.ide.mcu.externaltools.gnu-tools-for-stm32.13.3.rel1.win32_1.0.0.202411081344/tools/bin/../lib/gcc/arm-none-eabi/13.3.1/../../../../arm-none-eabi/lib/thumb/v7e-m+fp/hard\libc_nano.a(libc_a-memset.o)
 .debug_frame   0x00001ae0       0x2c C:/ST/STM32CubeIDE_1.19.0/STM32CubeIDE/plugins/com.st.stm32cube.ide.mcu.externaltools.gnu-tools-for-stm32.13.3.rel1.win32_1.0.0.202411081344/tools/bin/../lib/gcc/arm-none-eabi/13.3.1/../../../../arm-none-eabi/lib/thumb/v7e-m+fp/hard\libc_nano.a(libc_a-init.o)

.debug_line_str
                0x00000000       0x4f
 .debug_line_str
                0x00000000       0x4f ./Startup/startup_stm32f407vgtx.o
