../STM32_FreeRTOS_StdPeriph_Driver/src/stm32f4xx_rng.c:99:6:RNG_DeInit	8	static
../STM32_FreeRTOS_StdPeriph_Driver/src/stm32f4xx_rng.c:123:6:RNG_Cmd	16	static
../STM32_FreeRTOS_StdPeriph_Driver/src/stm32f4xx_rng.c:185:10:RNG_GetRandomNumber	4	static
../STM32_FreeRTOS_StdPeriph_Driver/src/stm32f4xx_rng.c:276:6:RNG_ITConfig	16	static
../STM32_FreeRTOS_StdPeriph_Driver/src/stm32f4xx_rng.c:302:12:RNG_GetFlagStatus	24	static
../STM32_FreeRTOS_StdPeriph_Driver/src/stm32f4xx_rng.c:335:6:RNG_ClearFlag	16	static
../STM32_FreeRTOS_StdPeriph_Driver/src/stm32f4xx_rng.c:351:10:RNG_GetITStatus	24	static
../STM32_FreeRTOS_StdPeriph_Driver/src/stm32f4xx_rng.c:381:6:RNG_ClearITPendingBit	16	static
