C:/Users/Amal/RTOS_workspace/FreeRTOS/CMSIS/core/core_cm4.h:1547:22:NVIC_EnableIRQ	16	static
C:/Users/Amal/RTOS_workspace/FreeRTOS/CMSIS/core/core_cm4.h:1629:22:NVIC_SetPriority	16	static
../src/led_btn_interrupt.c:36:5:main	16	static
../src/led_btn_interrupt.c:54:6:LED_task_hndlr	16	static
../src/led_btn_interrupt.c:68:9:BTN_hndlr	16	static
../src/led_btn_interrupt.c:78:13:pvrt_stup_hdwr	8	static
../src/led_btn_interrupt.c:85:6:pvrt_gpio_setup	32	static
../src/led_btn_interrupt.c:129:6:EXTI0_IRQHandler	8	static
